INFO:dataset file has been successfully imported
INFO:Cases plots have been successfully created
